-- Automatically generated by SQLQueryTestSuite
-- !query
SELECT listagg(c1) WITHIN GROUP (ORDER BY c1 COLLATE utf8_binary) FROM (VALUES ('a'), ('A'), ('b'), ('B')) AS t(c1)
-- !query analysis
Aggregate [listagg(c1#x, null, collate(c1#x, utf8_binary) ASC NULLS FIRST, 0, 0) AS listagg(c1, NULL) WITHIN GROUP (ORDER BY collate(c1, utf8_binary) ASC NULLS FIRST)#x]
+- SubqueryAlias t
   +- Project [col1#x AS c1#x]
      +- LocalRelation [col1#x]


-- !query
SELECT listagg(c1) WITHIN GROUP (ORDER BY c1 COLLATE utf8_lcase) FROM (VALUES ('a'), ('A'), ('b'), ('B')) AS t(c1)
-- !query analysis
Aggregate [listagg(c1#x, null, collate(c1#x, utf8_lcase) ASC NULLS FIRST, 0, 0) AS listagg(c1, NULL) WITHIN GROUP (ORDER BY collate(c1, utf8_lcase) ASC NULLS FIRST)#x]
+- SubqueryAlias t
   +- Project [col1#x AS c1#x]
      +- LocalRelation [col1#x]


-- !query
SELECT listagg(DISTINCT c1 COLLATE utf8_binary) FROM (VALUES ('a'), ('A'), ('b'), ('B')) AS t(c1)
-- !query analysis
Aggregate [listagg(distinct collate(c1#x, utf8_binary), null, 0, 0) AS listagg(DISTINCT collate(c1, utf8_binary), NULL)#x]
+- SubqueryAlias t
   +- Project [col1#x AS c1#x]
      +- LocalRelation [col1#x]


-- !query
SELECT listagg(DISTINCT c1 COLLATE utf8_lcase) FROM (VALUES ('a'), ('A'), ('b'), ('B')) AS t(c1)
-- !query analysis
Aggregate [listagg(distinct collate(c1#x, utf8_lcase), null, 0, 0) AS listagg(DISTINCT collate(c1, utf8_lcase), NULL)#x]
+- SubqueryAlias t
   +- Project [col1#x AS c1#x]
      +- LocalRelation [col1#x]


-- !query
SELECT listagg(DISTINCT c1 COLLATE utf8_lcase) WITHIN GROUP (ORDER BY c1 COLLATE utf8_lcase) FROM (VALUES ('a'), ('B'), ('b'), ('A')) AS t(c1)
-- !query analysis
Aggregate [listagg(distinct collate(c1#x, utf8_lcase), null, collate(c1#x, utf8_lcase) ASC NULLS FIRST, 0, 0) AS listagg(DISTINCT collate(c1, utf8_lcase), NULL) WITHIN GROUP (ORDER BY collate(c1, utf8_lcase) ASC NULLS FIRST)#x]
+- SubqueryAlias t
   +- Project [col1#x AS c1#x]
      +- LocalRelation [col1#x]


-- !query
SELECT listagg(DISTINCT c1 COLLATE utf8_lcase) WITHIN GROUP (ORDER BY c1 COLLATE utf8_binary) FROM (VALUES ('a'), ('b'), ('A'), ('B')) AS t(c1)
-- !query analysis
org.apache.spark.sql.AnalysisException
{
  "errorClass" : "FUNCTION_AND_ORDER_EXPRESSION_MISMATCH",
  "sqlState" : "42822",
  "messageParameters" : {
    "functionArgs" : "\"collate(c1, utf8_lcase)\"",
    "functionName" : "`listagg`",
    "orderExpr" : "\"collate(c1, utf8_binary)\""
  },
  "queryContext" : [ {
    "objectType" : "",
    "objectName" : "",
    "startIndex" : 8,
    "stopIndex" : 93,
    "fragment" : "listagg(DISTINCT c1 COLLATE utf8_lcase) WITHIN GROUP (ORDER BY c1 COLLATE utf8_binary)"
  } ]
}
